Microchip MPLAB XC8 Compiler V2.20

Linker command line:

-W-3 --edf=C:\Program Files\Microchip\xc8\v2.20\pic\dat\en_msgs.txt \
  -pivt0x8=08h -cn \
  -h+dist/default/production\pic18f16q41-pir-sensor.X.production.sym \
  --cmf=dist/default/production\pic18f16q41-pir-sensor.X.production.cmf -z \
  -Q18F16Q41 -oC:\Users\C16783\AppData\Local\Temp\s24mc.2 \
  --defsym=__MPLAB_BUILD=1 \
  -Mdist/default/production/pic18f16q41-pir-sensor.X.production.map -E1 \
  -ver=XC8 Compiler --acfsm=1493 -ASTACK=0580h-014FFh -pstack=STACK \
  -ACODE=00h-0FFFFh -ACONST=00h-0FFFFh -ASMALLCONST=01500h-015FFhx235 \
  -AMEDIUMCONST=01500h-0FFFFh -ACOMRAM=0501h-055Fh -AABS1=0500h-014FFh \
  -ABIGRAM=0501h-014FFh -ARAM=0560h-05FFh,0600h-06FFhx15 \
  -ABANK5=0560h-05FFh -ABANK6=0600h-06FFh -ABANK7=0700h-07FFh \
  -ABANK8=0800h-08FFh -ABANK9=0900h-09FFh -ABANK10=0A00h-0AFFh \
  -ABANK11=0B00h-0BFFh -ABANK12=0C00h-0CFFh -ABANK13=0D00h-0DFFh \
  -ABANK14=0E00h-0EFFh -ABANK15=0F00h-0FFFh -ABANK16=01000h-010FFh \
  -ABANK17=01100h-011FFh -ABANK18=01200h-012FFh -ABANK19=01300h-013FFh \
  -ABANK20=01400h-014FFh -ASFR=00h-0FFhx4,0400h-045Fh,0460h-04FFh \
  -ACONFIG=0300000h-0300011h -AIDLOC=0200000h-020001Fh -preset_vec=00h \
  -ppowerup=CODE,init -pramtop=01500h -psmallconst=SMALLCONST \
  -pmediumconst=MEDIUMCONST -pconst=CONST -AFARRAM=00h-00h \
  -AEEDATA=0380000h-03803FFh -peeprom_data=EEDATA \
  -prdata=COMRAM,nvrram=COMRAM,nvbit=COMRAM,rbss=COMRAM,rbit=COMRAM \
  -pfarbss=FARRAM,fardata=FARRAM,nvFARRAM=FARRAM \
  -pintsave_regs=BIGRAM,bigbss=BIGRAM,bigdata=BIGRAM -pbss=RAM \
  -pidata=CODE,irdata=CODE,ibigdata=CODE,ifardata=CODE -prparam=COMRAM \
  C:\Users\C16783\AppData\Local\Temp\s24mc.o \
  dist/default/production\pic18f16q41-pir-sensor.X.production.o 

Object code version is 3.11

Machine type is 18F16Q41



                Name                               Link     Load   Length Selector   Space Scale
C:\Users\C16783\AppData\Local\Temp\s24mc.o
                idloc                            200000   200000       20        0       5
                config                           300000   300000        A        0       4
                init                                 1A       1A        4        4       0
                reset_vec                             0        0        4        0       0
dist/default/production\pic18f16q41-pir-sensor.X.production.o
                idloc                            200000   200000       20        0       5
                config                           300000   300000        A        0       4
                smallconst                         1500     1500       16      A80       0
                ivt0x8                                8        8       12        4       0
                text51                             284C     284C        6      A8B       0
                text50                             2858     2858        2      A8B       0
                text49                             25B4     25B4       2E      A8B       0
                text48                             2832     2832        8      A8B       0
                text47                             2846     2846        6      A8B       0
                text46                             263A     263A       2C      A8B       0
                text45                             282A     282A        8      A8B       0
                text44                             2840     2840        6      A8B       0
                text43                             2822     2822        8      A8B       0
                text42                             2856     2856        2      A8B       0
                text41                             260E     260E       2C      A8B       0
                text40                             2586     2586       2E      A8B       0
                text39                             27B0     27B0       14      A8B       0
                text38                             21F6     21F6       92      A8B       0
                text37                             283A     283A        6      A8B       0
                text36                             276E     276E       18      A8B       0
                text35                             2818     2818        A      A8B       0
                text34                             2160     2160       96      A8B       0
                text33                             1EB2     1EB2      10C      A8B       0
                text32                             23CC     23CC       64      A8B       0
                text31                             26B6     26B6       26      A8B       0
                text30                             279C     279C       14      A8B       0
                text29                             2786     2786       16      A8B       0
                text28                             1964     1964      39A      A8B       0
                text27                             1516     1516      44E      A8B       0
                text26                             1FBE     1FBE      106      A8B       0
                text25                             1CFE     1CFE      1B4      A8B       0
                text24                             20C4     20C4       9C      A8B       0
                text23                             26DC     26DC       24      A8B       0
                text22                             2558     2558       2E      A8B       0
                text21                             2666     2666       2A      A8B       0
                text20                             248E     248E       52      A8B       0
                text19                             280E     280E        A      A8B       0
                text18                             22FA     22FA       6A      A8B       0
                text17                             2754     2754       1A      A8B       0
                text16                             27D0     27D0        C      A8B       0
                text15                             27C4     27C4        C      A8B       0
                text14                             2852     2852        4      A8B       0
                text13                             2738     2738       1C      A8B       0
                text12                             271C     271C       1C      A8B       0
                text11                             2430     2430       5E      A8B       0
                text10                             2700     2700       1C      A8B       0
                text9                              2804     2804        A      A8B       0
                text8                              2690     2690       26      A8B       0
                text7                              27FA     27FA        A      A8B       0
                text6                              24E0     24E0       46      A8B       0
                text5                              27F0     27F0        A      A8B       0
                text4                              27E6     27E6        A      A8B       0
                text3                              27DC     27DC        A      A8B       0
                text2                              2364     2364       68      A8B       0
                text1                              2526     2526       32      A8B       0
                text0                              2288     2288       72      A8B       0
                cstackCOMRAM                        501      501       36      501       1
                bssBANK5                            560      560       20      560       1
                bssCOMRAM                           537      537       13      501       1
                cinit                              25E2     25E2       2C      A8B       0
                nvCOMRAM                            54A      54A        E      501       1

TOTAL           Name                               Link     Load   Length     Space
        CLASS   STACK          

        CLASS   CODE           
                init                                 1A       1A        4         0
                reset_vec                             0        0        4         0
                ivt0x8                                8        8       12         0
                text51                             284C     284C        6         0
                text50                             2858     2858        2         0
                text49                             25B4     25B4       2E         0
                text48                             2832     2832        8         0
                text47                             2846     2846        6         0
                text46                             263A     263A       2C         0
                text45                             282A     282A        8         0
                text44                             2840     2840        6         0
                text43                             2822     2822        8         0
                text42                             2856     2856        2         0
                text41                             260E     260E       2C         0
                text40                             2586     2586       2E         0
                text39                             27B0     27B0       14         0
                text38                             21F6     21F6       92         0
                text37                             283A     283A        6         0
                text36                             276E     276E       18         0
                text35                             2818     2818        A         0
                text34                             2160     2160       96         0
                text33                             1EB2     1EB2      10C         0
                text32                             23CC     23CC       64         0
                text31                             26B6     26B6       26         0
                text30                             279C     279C       14         0
                text29                             2786     2786       16         0
                text28                             1964     1964      39A         0
                text27                             1516     1516      44E         0
                text26                             1FBE     1FBE      106         0
                text25                             1CFE     1CFE      1B4         0
                text24                             20C4     20C4       9C         0
                text23                             26DC     26DC       24         0
                text22                             2558     2558       2E         0
                text21                             2666     2666       2A         0
                text20                             248E     248E       52         0
                text19                             280E     280E        A         0
                text18                             22FA     22FA       6A         0
                text17                             2754     2754       1A         0
                text16                             27D0     27D0        C         0
                text15                             27C4     27C4        C         0
                text14                             2852     2852        4         0
                text13                             2738     2738       1C         0
                text12                             271C     271C       1C         0
                text11                             2430     2430       5E         0
                text10                             2700     2700       1C         0
                text9                              2804     2804        A         0
                text8                              2690     2690       26         0
                text7                              27FA     27FA        A         0
                text6                              24E0     24E0       46         0
                text5                              27F0     27F0        A         0
                text4                              27E6     27E6        A         0
                text3                              27DC     27DC        A         0
                text2                              2364     2364       68         0
                text1                              2526     2526       32         0
                text0                              2288     2288       72         0
                cinit                              25E2     25E2       2C         0

        CLASS   CONST          

        CLASS   SMALLCONST     
                smallconst                         1500     1500       16         0

        CLASS   MEDIUMCONST    

        CLASS   COMRAM         
                cstackCOMRAM                        501      501       36         1
                bssCOMRAM                           537      537       13         1
                nvCOMRAM                            54A      54A        E         1

        CLASS   ABS1           

        CLASS   BIGRAM         

        CLASS   RAM            

        CLASS   BANK5          
                bssBANK5                            560      560       20         1

        CLASS   BANK6          

        CLASS   BANK7          

        CLASS   BANK8          

        CLASS   BANK9          

        CLASS   BANK10         

        CLASS   BANK11         

        CLASS   BANK12         

        CLASS   BANK13         

        CLASS   BANK14         

        CLASS   BANK15         

        CLASS   BANK16         

        CLASS   BANK17         

        CLASS   BANK18         

        CLASS   BANK19         

        CLASS   BANK20         

        CLASS   SFR            

        CLASS   CONFIG         
                config                           300000   300000        A         4

        CLASS   IDLOC          
                idloc                            200000   200000       20         5

        CLASS   FARRAM         

        CLASS   EEDATA         



SEGMENTS        Name                           Load    Length   Top    Selector   Space  Class

                reset_vec                      000000  000004  000004         0       0  CODE    
                ivt0x8                         000008  000016  00001E         4       0  CODE    
                cstackCOMRAM                   000501  000057  000558       501       1  COMRAM  
                bssBANK5                       000560  000020  000580       560       1  BANK5   
                smallconst                     001500  000016  001516       A80       0  SMALLCON
                text27                         001516  001344  00285A       A8B       0  CODE    


UNUSED ADDRESS RANGES

        Name                Unused          Largest block    Delta
        BANK10           000A00-000AFF              100
        BANK11           000B00-000BFF              100
        BANK12           000C00-000CFF              100
        BANK13           000D00-000DFF              100
        BANK14           000E00-000EFF              100
        BANK15           000F00-000FFF              100
        BANK16           001000-0010FF              100
        BANK17           001100-0011FF              100
        BANK18           001200-0012FF              100
        BANK19           001300-0013FF              100
        BANK20           001400-0014FF              100
        BANK5            000580-0005FF               80
        BANK6            000600-0006FF              100
        BANK7            000700-0007FF              100
        BANK8            000800-0008FF              100
        BANK9            000900-0009FF              100
        BIGRAM           000558-00055F                8
                         000580-0014FF              F80
        CODE             000004-000007                4
                         00001E-0014FF             14E2
                         00285A-00FFFF             D7A6
        COMRAM           000558-00055F                8
        CONFIG           30000A-300011                8
        CONST            000004-000007                4
                         00001E-0014FF             14E2
                         00285A-00FFFF             D7A6
        EEDATA           380000-3803FF              400
        MEDIUMCONST      00285A-00FFFF             D7A6
        RAM              000580-0014FF              100
        SFR              000000-0004FF              100
        SMALLCONST       00285A-00FFFF              100
        STACK            000580-0014FF              F80

                                  Symbol Table

?_ADCC_GetConversionResult                    cstackCOMRAM 000503
?___fldiv                                     cstackCOMRAM 000503
?___flmul                                     cstackCOMRAM 00051C
?___fltol                                     cstackCOMRAM 000503
?___wmul                                      cstackCOMRAM 000503
?___xxtofl                                    cstackCOMRAM 000507
?_printf                                      cstackCOMRAM 00051C
?_vfpfcnvrt                                   cstackCOMRAM 00050E
?_vfprintf                                    cstackCOMRAM 000514
ADCC_SetADTIInterruptHandler@InterruptHandler cstackCOMRAM 000503
IVTBASEH                                      (abs)        00045E
IVTBASEL                                      (abs)        00045D
IVTBASEU                                      (abs)        00045F
TMR0_SetInterruptHandler@InterruptHandler     cstackCOMRAM 000503
TMR1_SetInterruptHandler@InterruptHandler     cstackCOMRAM 000503
TMR1_WriteTimer@timerVal                      cstackCOMRAM 000503
UART1_SetErrorHandler@interruptHandler        cstackCOMRAM 000503
UART1_SetFramingErrorHandler@interruptHandler cstackCOMRAM 000503
UART1_SetOverrunErrorHandler@interruptHandler cstackCOMRAM 000503
UART1_Write@txData                            cstackCOMRAM 000503
_ACTCON                                       (abs)        0000AC
_ADACCH                                       (abs)        0003E4
_ADACCL                                       (abs)        0003E3
_ADACCU                                       (abs)        0003E5
_ADACQH                                       (abs)        0003EF
_ADACQL                                       (abs)        0003EE
_ADACT                                        (abs)        0003F9
_ADCAP                                        (abs)        0003F0
_ADCC_ADTI_InterruptHandler                   nvCOMRAM     000556
_ADCC_DefaultInterruptHandler                 text50       002858
_ADCC_GetConversionResult                     text29       002786
_ADCC_Initialize                              text18       0022FA
_ADCC_SetADTIInterruptHandler                 text19       00280E
_ADCC_ThresholdISR                            text49       0025B4
_ADCC_Threshold_InterruptRoutine              text51       00284C
_ADCLK                                        (abs)        0003FA
_ADCNT                                        (abs)        0003E6
_ADCON0                                       (abs)        0003F3
_ADCON0bits                                   (abs)        0003F3
_ADCON1                                       (abs)        0003F4
_ADCON1bits                                   (abs)        0003F4
_ADCON2                                       (abs)        0003F5
_ADCON2bits                                   (abs)        0003F5
_ADCON3                                       (abs)        0003F6
_ADCON3bits                                   (abs)        0003F6
_ADERRH                                       (abs)        0003DE
_ADERRL                                       (abs)        0003DD
_ADFLTRH                                      (abs)        0003E2
_ADFLTRL                                      (abs)        0003E1
_ADLTHH                                       (abs)        0003DA
_ADLTHL                                       (abs)        0003D9
_ADPCH                                        (abs)        0003EC
_ADPREH                                       (abs)        0003F2
_ADPREL                                       (abs)        0003F1
_ADPREVH                                      (abs)        0003E9
_ADPREVL                                      (abs)        0003E8
_ADREF                                        (abs)        0003F8
_ADRESH                                       (abs)        0003EB
_ADRESL                                       (abs)        0003EA
_ADRPT                                        (abs)        0003E7
_ADSTAT                                       (abs)        0003F7
_ADSTATbits                                   (abs)        0003F7
_ADSTPTH                                      (abs)        0003E0
_ADSTPTL                                      (abs)        0003DF
_ADUTHH                                       (abs)        0003DC
_ADUTHL                                       (abs)        0003DB
_ANSELA                                       (abs)        000400
_ANSELB                                       (abs)        000408
_ANSELC                                       (abs)        000410
_CM1CON0                                      (abs)        000070
_CM1CON0bits                                  (abs)        000070
_CM1CON1                                      (abs)        000071
_CM1NCH                                       (abs)        000072
_CM1PCH                                       (abs)        000073
_CMP1_ISR                                     text48       002832
_CMP1_Initialize                              text17       002754
_DAC1CON                                      (abs)        00007F
_DAC1DATL                                     (abs)        00007D
_DAC1_Initialize                              text16       0027D0
_DAC2CON                                      (abs)        0000A2
_DAC2DATL                                     (abs)        0000A0
_DAC2_DriftCompensation                       text24       0020C4
_DAC2_Initialize                              text15       0027C4
_INLVLA                                       (abs)        000404
_INLVLB                                       (abs)        00040C
_INLVLC                                       (abs)        000414
_INTCON0bits                                  (abs)        0004D6
_INTERRUPT_Initialize                         text14       002852
_INTERRUPT_InterruptManager                   text38       0021F6
_LATA                                         (abs)        0004BE
_LATAbits                                     (abs)        0004BE
_LATB                                         (abs)        0004BF
_LATC                                         (abs)        0004C0
_LED_TimoutControl                            text30       00279C
_ODCONA                                       (abs)        000402
_ODCONB                                       (abs)        00040A
_ODCONC                                       (abs)        000412
_OPA1CON0                                     (abs)        0000A3
_OPA1CON0bits                                 (abs)        0000A3
_OPA1CON1                                     (abs)        0000A4
_OPA1CON1bits                                 (abs)        0000A4
_OPA1CON2                                     (abs)        0000A5
_OPA1CON2bits                                 (abs)        0000A5
_OPA1CON3                                     (abs)        0000A6
_OPA1CON3bits                                 (abs)        0000A6
_OPA1HWC                                      (abs)        0000A7
_OPA1HWCbits                                  (abs)        0000A7
_OPA1OFFSET                                   (abs)        0000A8
_OPA1ORS                                      (abs)        0000A9
_OPA1_Initialize                              text13       002738
_OSCCON1                                      (abs)        0000AD
_OSCCON3                                      (abs)        0000AF
_OSCEN                                        (abs)        0000B3
_OSCFRQ                                       (abs)        0000B1
_OSCILLATOR_Initialize                        text12       00271C
_OSCTUNE                                      (abs)        0000B0
_PIE1bits                                     (abs)        0004A9
_PIE2bits                                     (abs)        0004AA
_PIE3bits                                     (abs)        0004AB
_PIN_MANAGER_Initialize                       text11       002430
_PIR1bits                                     (abs)        0004B4
_PIR2bits                                     (abs)        0004B5
_PIR3bits                                     (abs)        0004B6
_PIR4bits                                     (abs)        0004B7
_PIR_Startup                                  text23       0026DC
_PMD0                                         (abs)        000063
_PMD1                                         (abs)        000064
_PMD2                                         (abs)        000065
_PMD3                                         (abs)        000066
_PMD4                                         (abs)        000067
_PMD5                                         (abs)        000068
_PMD_Initialize                               text10       002700
_RB4PPS                                       (abs)        00020D
_RB7PPS                                       (abs)        000210
_Read_Potentiometer                           text20       00248E
_SLRCONA                                      (abs)        000403
_SLRCONB                                      (abs)        00040B
_SLRCONC                                      (abs)        000413
_SYSTEM_Initialize                            text1        002526
_T0CON0                                       (abs)        00031A
_T0CON0bits                                   (abs)        00031A
_T0CON1                                       (abs)        00031B
_T1CLK                                        (abs)        000317
_T1CON                                        (abs)        000314
_T1CONbits                                    (abs)        000314
_T1GATE                                       (abs)        000316
_T1GCON                                       (abs)        000315
_T1GCONbits                                   (abs)        000315
_TMR0H                                        (abs)        000319
_TMR0L                                        (abs)        000318
_TMR0_CallBack                                text46       00263A
_TMR0_DefaultInterruptHandler                 text47       002846
_TMR0_ISR                                     text45       00282A
_TMR0_Initialize                              text8        002690
_TMR0_InterruptHandler                        nvCOMRAM     00054E
_TMR0_SetInterruptHandler                     text9        002804
_TMR1H                                        (abs)        000313
_TMR1L                                        (abs)        000312
_TMR1_CallBack                                text41       00260E
_TMR1_DefaultInterruptHandler                 text42       002856
_TMR1_ISR                                     text39       0027B0
_TMR1_Initialize                              text6        0024E0
_TMR1_InterruptHandler                        nvCOMRAM     00054A
_TMR1_InterruptRoutine                        text43       002822
_TMR1_SetInterruptHandler                     text7        0027FA
_TMR1_StartTimer                              text37       00283A
_TMR1_StopTimer                               text44       002840
_TMR1_WriteTimer                              text22       002558
_TRISA                                        (abs)        0004C6
_TRISB                                        (abs)        0004C7
_TRISC                                        (abs)        0004C8
_U1BRGH                                       (abs)        0002AF
_U1BRGL                                       (abs)        0002AE
_U1CON0                                       (abs)        0002AB
_U1CON0bits                                   (abs)        0002AB
_U1CON1                                       (abs)        0002AC
_U1CON2                                       (abs)        0002AD
_U1ERRIE                                      (abs)        0002B3
_U1ERRIR                                      (abs)        0002B2
_U1ERRIRbits                                  (abs)        0002B2
_U1FIFO                                       (abs)        0002B0
_U1P1H                                        (abs)        0002A6
_U1P1L                                        (abs)        0002A5
_U1P2H                                        (abs)        0002A8
_U1P2L                                        (abs)        0002A7
_U1P3H                                        (abs)        0002AA
_U1P3L                                        (abs)        0002A9
_U1RXB                                        (abs)        0002A1
_U1RXPPS                                      (abs)        000272
_U1TXB                                        (abs)        0002A3
_U1UIR                                        (abs)        0002B1
_UART1_DefaultErrorHandler                    (abs)        000000
_UART1_DefaultFramingErrorHandler             (abs)        000000
_UART1_DefaultOverrunErrorHandler             (abs)        000000
_UART1_ErrorHandler                           nvCOMRAM     000550
_UART1_FramingErrorHandler                    nvCOMRAM     000554
_UART1_Initialize                             text2        002364
_UART1_OverrunErrorHandler                    nvCOMRAM     000552
_UART1_SetErrorHandler                        text5        0027F0
_UART1_SetFramingErrorHandler                 text4        0027E6
_UART1_SetOverrunErrorHandler                 text3        0027DC
_UART1_Write                                  text36       00276E
_VREGCONbits                                  (abs)        000048
_WPUA                                         (abs)        000401
_WPUB                                         (abs)        000409
_WPUC                                         (abs)        000411
__HRAM                                        (abs)        000000
__Habs1                                       abs1         000000
__Hbank10                                     bank10       000000
__Hbank11                                     bank11       000000
__Hbank12                                     bank12       000000
__Hbank13                                     bank13       000000
__Hbank14                                     bank14       000000
__Hbank15                                     bank15       000000
__Hbank16                                     bank16       000000
__Hbank17                                     bank17       000000
__Hbank18                                     bank18       000000
__Hbank19                                     bank19       000000
__Hbank20                                     bank20       000000
__Hbank5                                      bank5        000000
__Hbank6                                      bank6        000000
__Hbank7                                      bank7        000000
__Hbank8                                      bank8        000000
__Hbank9                                      bank9        000000
__Hbigbss                                     bigbss       000000
__Hbigdata                                    bigdata      000000
__Hbigram                                     bigram       000000
__Hbss                                        bss          000000
__HbssBANK5                                   bssBANK5     000000
__HbssCOMRAM                                  bssCOMRAM    000000
__Hcinit                                      cinit        000000
__Hclrtext                                    clrtext      000000
__Hcomram                                     comram       000000
__Hconfig                                     config       30000A
__Hconst                                      const        000000
__HcstackCOMRAM                               cstackCOMRAM 000000
__Hdata                                       data         000000
__Heeprom_data                                eeprom_data  000000
__Hfarbss                                     farbss       000000
__Hfardata                                    fardata      000000
__Hibigdata                                   ibigdata     000000
__Hidata                                      idata        000000
__Hidloc                                      idloc        200020
__Hifardata                                   ifardata     000000
__Hinit                                       init         00001E
__Hintsave_regs                               intsave_regs 000000
__Hirdata                                     irdata       000000
__Hivt0x8                                     ivt0x8       00001A
__Hmediumconst                                mediumconst  000000
__HnvCOMRAM                                   nvCOMRAM     000000
__HnvFARRAM                                   nvFARRAM     000000
__Hnvbit                                      nvbit        000000
__Hnvrram                                     nvrram       000000
__Hparam                                      rparam       000000
__Hpowerup                                    powerup      000000
__Hram                                        ram          000000
__Hramtop                                     ramtop       001500
__Hrbit                                       rbit         000000
__Hrbss                                       rbss         000000
__Hrdata                                      rdata        000000
__Hreset_vec                                  reset_vec    000004
__Hrparam                                     rparam       000000
__Hsfr                                        sfr          000000
__Hsmallconst                                 smallconst   001516
__Hspace_0                                    (abs)        00285A
__Hspace_1                                    (abs)        000580
__Hspace_2                                    (abs)        000000
__Hspace_4                                    (abs)        60000A
__Hstack                                      stack        000000
__Hstruct                                     struct       000000
__Htemp                                       temp         000000
__Htext                                       text         000000
__Htext0                                      text0        000000
__Htext1                                      text1        000000
__Htext10                                     text10       000000
__Htext11                                     text11       000000
__Htext12                                     text12       000000
__Htext13                                     text13       000000
__Htext14                                     text14       000000
__Htext15                                     text15       000000
__Htext16                                     text16       000000
__Htext17                                     text17       000000
__Htext18                                     text18       000000
__Htext19                                     text19       000000
__Htext2                                      text2        000000
__Htext20                                     text20       000000
__Htext21                                     text21       000000
__Htext22                                     text22       000000
__Htext23                                     text23       000000
__Htext24                                     text24       000000
__Htext25                                     text25       000000
__Htext26                                     text26       000000
__Htext27                                     text27       000000
__Htext28                                     text28       000000
__Htext29                                     text29       000000
__Htext3                                      text3        000000
__Htext30                                     text30       000000
__Htext31                                     text31       000000
__Htext32                                     text32       000000
__Htext33                                     text33       000000
__Htext34                                     text34       000000
__Htext35                                     text35       000000
__Htext36                                     text36       000000
__Htext37                                     text37       000000
__Htext38                                     text38       000000
__Htext39                                     text39       000000
__Htext4                                      text4        000000
__Htext40                                     text40       000000
__Htext41                                     text41       000000
__Htext42                                     text42       000000
__Htext43                                     text43       000000
__Htext44                                     text44       000000
__Htext45                                     text45       000000
__Htext46                                     text46       000000
__Htext47                                     text47       000000
__Htext48                                     text48       000000
__Htext49                                     text49       000000
__Htext5                                      text5        000000
__Htext50                                     text50       000000
__Htext51                                     text51       000000
__Htext52                                     text52       000000
__Htext6                                      text6        000000
__Htext7                                      text7        000000
__Htext8                                      text8        000000
__Htext9                                      text9        000000
__LRAM                                        (abs)        000001
__Labs1                                       abs1         000000
__Lbank10                                     bank10       000000
__Lbank11                                     bank11       000000
__Lbank12                                     bank12       000000
__Lbank13                                     bank13       000000
__Lbank14                                     bank14       000000
__Lbank15                                     bank15       000000
__Lbank16                                     bank16       000000
__Lbank17                                     bank17       000000
__Lbank18                                     bank18       000000
__Lbank19                                     bank19       000000
__Lbank20                                     bank20       000000
__Lbank5                                      bank5        000000
__Lbank6                                      bank6        000000
__Lbank7                                      bank7        000000
__Lbank8                                      bank8        000000
__Lbank9                                      bank9        000000
__Lbigbss                                     bigbss       000000
__Lbigdata                                    bigdata      000000
__Lbigram                                     bigram       000000
__Lbss                                        bss          000000
__LbssBANK5                                   bssBANK5     000000
__LbssCOMRAM                                  bssCOMRAM    000000
__Lcinit                                      cinit        000000
__Lclrtext                                    clrtext      000000
__Lcomram                                     comram       000000
__Lconfig                                     config       000000
__Lconst                                      const        000000
__LcstackCOMRAM                               cstackCOMRAM 000000
__Ldata                                       data         000000
__Leeprom_data                                eeprom_data  000000
__Lfarbss                                     farbss       000000
__Lfardata                                    fardata      000000
__Libigdata                                   ibigdata     000000
__Lidata                                      idata        000000
__Lidloc                                      idloc        000000
__Lifardata                                   ifardata     000000
__Linit                                       init         00001A
__Lintsave_regs                               intsave_regs 000000
__Lirdata                                     irdata       000000
__Livt0x8                                     ivt0x8       000008
__Lmediumconst                                mediumconst  000000
__LnvCOMRAM                                   nvCOMRAM     000000
__LnvFARRAM                                   nvFARRAM     000000
__Lnvbit                                      nvbit        000000
__Lnvrram                                     nvrram       000000
__Lparam                                      rparam       000000
__Lpowerup                                    powerup      000000
__Lram                                        ram          000000
__Lramtop                                     ramtop       001500
__Lrbit                                       rbit         000000
__Lrbss                                       rbss         000000
__Lrdata                                      rdata        000000
__Lreset_vec                                  reset_vec    000000
__Lrparam                                     rparam       000000
__Lsfr                                        sfr          000000
__Lsmallconst                                 smallconst   001500
__Lspace_0                                    (abs)        000000
__Lspace_1                                    (abs)        000000
__Lspace_2                                    (abs)        000000
__Lspace_4                                    (abs)        000000
__Lstack                                      stack        000000
__Lstruct                                     struct       000000
__Ltemp                                       temp         000000
__Ltext                                       text         000000
__Ltext0                                      text0        000000
__Ltext1                                      text1        000000
__Ltext10                                     text10       000000
__Ltext11                                     text11       000000
__Ltext12                                     text12       000000
__Ltext13                                     text13       000000
__Ltext14                                     text14       000000
__Ltext15                                     text15       000000
__Ltext16                                     text16       000000
__Ltext17                                     text17       000000
__Ltext18                                     text18       000000
__Ltext19                                     text19       000000
__Ltext2                                      text2        000000
__Ltext20                                     text20       000000
__Ltext21                                     text21       000000
__Ltext22                                     text22       000000
__Ltext23                                     text23       000000
__Ltext24                                     text24       000000
__Ltext25                                     text25       000000
__Ltext26                                     text26       000000
__Ltext27                                     text27       000000
__Ltext28                                     text28       000000
__Ltext29                                     text29       000000
__Ltext3                                      text3        000000
__Ltext30                                     text30       000000
__Ltext31                                     text31       000000
__Ltext32                                     text32       000000
__Ltext33                                     text33       000000
__Ltext34                                     text34       000000
__Ltext35                                     text35       000000
__Ltext36                                     text36       000000
__Ltext37                                     text37       000000
__Ltext38                                     text38       000000
__Ltext39                                     text39       000000
__Ltext4                                      text4        000000
__Ltext40                                     text40       000000
__Ltext41                                     text41       000000
__Ltext42                                     text42       000000
__Ltext43                                     text43       000000
__Ltext44                                     text44       000000
__Ltext45                                     text45       000000
__Ltext46                                     text46       000000
__Ltext47                                     text47       000000
__Ltext48                                     text48       000000
__Ltext49                                     text49       000000
__Ltext5                                      text5        000000
__Ltext50                                     text50       000000
__Ltext51                                     text51       000000
__Ltext52                                     text52       000000
__Ltext6                                      text6        000000
__Ltext7                                      text7        000000
__Ltext8                                      text8        000000
__Ltext9                                      text9        000000
__S0                                          (abs)        00285A
__S1                                          (abs)        000580
__S2                                          (abs)        000000
__S4                                          (abs)        000000
__S5                                          (abs)        000000
___fldiv                                      text28       001964
___fldiv@a                                    cstackCOMRAM 000507
___fldiv@aexp                                 cstackCOMRAM 00051B
___fldiv@b                                    cstackCOMRAM 000503
___fldiv@bexp                                 cstackCOMRAM 00051A
___fldiv@grs                                  cstackCOMRAM 000516
___fldiv@new_exp                              cstackCOMRAM 000514
___fldiv@rem                                  cstackCOMRAM 00050F
___fldiv@sign                                 cstackCOMRAM 000513
___flmul                                      text27       001516
___flmul@a                                    cstackCOMRAM 000520
___flmul@aexp                                 cstackCOMRAM 00052D
___flmul@b                                    cstackCOMRAM 00051C
___flmul@bexp                                 cstackCOMRAM 00052E
___flmul@grs                                  cstackCOMRAM 000529
___flmul@prod                                 cstackCOMRAM 00052F
___flmul@sign                                 cstackCOMRAM 000528
___flmul@temp                                 cstackCOMRAM 000533
___fltol                                      text26       001FBE
___fltol@exp1                                 cstackCOMRAM 00050C
___fltol@f1                                   cstackCOMRAM 000503
___fltol@sign1                                cstackCOMRAM 00050B
___inthi_sp                                   stack        000000
___intlo_sp                                   stack        000000
___param_bank                                 (abs)        000000
___rparam_used                                (abs)        000001
___sp                                         stack        000000
___wmul                                       text21       002666
___wmul@multiplicand                          cstackCOMRAM 000505
___wmul@multiplier                            cstackCOMRAM 000503
___wmul@product                               cstackCOMRAM 000507
___xxtofl                                     text25       001CFE
___xxtofl@arg                                 cstackCOMRAM 000511
___xxtofl@exp                                 cstackCOMRAM 000510
___xxtofl@sign                                cstackCOMRAM 00050F
___xxtofl@val                                 cstackCOMRAM 000507
__accesstop                                   (abs)        000560
__activetblptr                                (abs)        000003
__end_of_ADCC_DefaultInterruptHandler         text50       00285A
__end_of_ADCC_GetConversionResult             text29       00279C
__end_of_ADCC_Initialize                      text18       002364
__end_of_ADCC_SetADTIInterruptHandler         text19       002818
__end_of_ADCC_ThresholdISR                    text49       0025E2
__end_of_ADCC_Threshold_InterruptRoutine      text51       002852
__end_of_CMP1_ISR                             text48       00283A
__end_of_CMP1_Initialize                      text17       00276E
__end_of_DAC1_Initialize                      text16       0027DC
__end_of_DAC2_DriftCompensation               text24       002160
__end_of_DAC2_Initialize                      text15       0027D0
__end_of_INTERRUPT_Initialize                 text14       002856
__end_of_INTERRUPT_InterruptManager           text38       002288
__end_of_LED_TimoutControl                    text30       0027B0
__end_of_OPA1_Initialize                      text13       002754
__end_of_OSCILLATOR_Initialize                text12       002738
__end_of_PIN_MANAGER_Initialize               text11       00248E
__end_of_PIR_Startup                          text23       002700
__end_of_PMD_Initialize                       text10       00271C
__end_of_Read_Potentiometer                   text20       0024E0
__end_of_SYSTEM_Initialize                    text1        002558
__end_of_TMR0_CallBack                        text46       002666
__end_of_TMR0_DefaultInterruptHandler         text47       00284C
__end_of_TMR0_ISR                             text45       002832
__end_of_TMR0_Initialize                      text8        0026B6
__end_of_TMR0_SetInterruptHandler             text9        00280E
__end_of_TMR1_CallBack                        text41       00263A
__end_of_TMR1_DefaultInterruptHandler         text42       002858
__end_of_TMR1_ISR                             text39       0027C4
__end_of_TMR1_Initialize                      text6        002526
__end_of_TMR1_InterruptRoutine                text43       00282A
__end_of_TMR1_SetInterruptHandler             text7        002804
__end_of_TMR1_StartTimer                      text37       002840
__end_of_TMR1_StopTimer                       text44       002846
__end_of_TMR1_WriteTimer                      text22       002586
__end_of_UART1_Initialize                     text2        0023CC
__end_of_UART1_SetErrorHandler                text5        0027FA
__end_of_UART1_SetFramingErrorHandler         text4        0027F0
__end_of_UART1_SetOverrunErrorHandler         text3        0027E6
__end_of_UART1_Write                          text36       002786
__end_of___fldiv                              text28       001CFE
__end_of___flmul                              text27       001964
__end_of___fltol                              text26       0020C4
__end_of___wmul                               text21       002690
__end_of___xxtofl                             text25       001EB2
__end_of__initialization                      cinit        002608
__end_of_fputc                                text34       0021F6
__end_of_main                                 text0        0022FA
__end_of_printf                               text31       0026DC
__end_of_putch                                text35       002822
__end_of_vfpfcnvrt                            text33       001FBE
__end_of_vfprintf                             text32       002430
__end_ofi2_TMR1_WriteTimer                    text40       0025B4
__initialization                              cinit        0025E2
__mediumconst                                 mediumconst  000000
__pbssBANK5                                   bssBANK5     000560
__pbssCOMRAM                                  bssCOMRAM    000537
__pcinit                                      cinit        0025E2
__pcstackCOMRAM                               cstackCOMRAM 000501
__pivt0x8                                     ivt0x8       000008
__pnvCOMRAM                                   nvCOMRAM     00054A
__psmallconst                                 smallconst   001500
__ptext0                                      text0        002288
__ptext1                                      text1        002526
__ptext10                                     text10       002700
__ptext11                                     text11       002430
__ptext12                                     text12       00271C
__ptext13                                     text13       002738
__ptext14                                     text14       002852
__ptext15                                     text15       0027C4
__ptext16                                     text16       0027D0
__ptext17                                     text17       002754
__ptext18                                     text18       0022FA
__ptext19                                     text19       00280E
__ptext2                                      text2        002364
__ptext20                                     text20       00248E
__ptext21                                     text21       002666
__ptext22                                     text22       002558
__ptext23                                     text23       0026DC
__ptext24                                     text24       0020C4
__ptext25                                     text25       001CFE
__ptext26                                     text26       001FBE
__ptext27                                     text27       001516
__ptext28                                     text28       001964
__ptext29                                     text29       002786
__ptext3                                      text3        0027DC
__ptext30                                     text30       00279C
__ptext31                                     text31       0026B6
__ptext32                                     text32       0023CC
__ptext33                                     text33       001EB2
__ptext34                                     text34       002160
__ptext35                                     text35       002818
__ptext36                                     text36       00276E
__ptext37                                     text37       00283A
__ptext38                                     text38       0021F6
__ptext39                                     text39       0027B0
__ptext4                                      text4        0027E6
__ptext40                                     text40       002586
__ptext41                                     text41       00260E
__ptext42                                     text42       002856
__ptext43                                     text43       002822
__ptext44                                     text44       002840
__ptext45                                     text45       00282A
__ptext46                                     text46       00263A
__ptext47                                     text47       002846
__ptext48                                     text48       002832
__ptext49                                     text49       0025B4
__ptext5                                      text5        0027F0
__ptext50                                     text50       002858
__ptext51                                     text51       00284C
__ptext52                                     text52       000000
__ptext6                                      text6        0024E0
__ptext7                                      text7        0027FA
__ptext8                                      text8        002690
__ptext9                                      text9        002804
__ramtop                                      ramtop       001500
__size_of_ADCC_DefaultInterruptHandler        (abs)        000000
__size_of_ADCC_GetConversionResult            (abs)        000000
__size_of_ADCC_Initialize                     (abs)        000000
__size_of_ADCC_SetADTIInterruptHandler        (abs)        000000
__size_of_ADCC_ThresholdISR                   (abs)        000000
__size_of_ADCC_Threshold_InterruptRoutine     (abs)        000000
__size_of_CMP1_ISR                            (abs)        000000
__size_of_CMP1_Initialize                     (abs)        000000
__size_of_DAC1_Initialize                     (abs)        000000
__size_of_DAC2_DriftCompensation              (abs)        000000
__size_of_DAC2_Initialize                     (abs)        000000
__size_of_INTERRUPT_Initialize                (abs)        000000
__size_of_INTERRUPT_InterruptManager          (abs)        000000
__size_of_LED_TimoutControl                   (abs)        000000
__size_of_OPA1_Initialize                     (abs)        000000
__size_of_OSCILLATOR_Initialize               (abs)        000000
__size_of_PIN_MANAGER_Initialize              (abs)        000000
__size_of_PIR_Startup                         (abs)        000000
__size_of_PMD_Initialize                      (abs)        000000
__size_of_Read_Potentiometer                  (abs)        000000
__size_of_SYSTEM_Initialize                   (abs)        000000
__size_of_TMR0_CallBack                       (abs)        000000
__size_of_TMR0_DefaultInterruptHandler        (abs)        000000
__size_of_TMR0_ISR                            (abs)        000000
__size_of_TMR0_Initialize                     (abs)        000000
__size_of_TMR0_SetInterruptHandler            (abs)        000000
__size_of_TMR1_CallBack                       (abs)        000000
__size_of_TMR1_DefaultInterruptHandler        (abs)        000000
__size_of_TMR1_ISR                            (abs)        000000
__size_of_TMR1_Initialize                     (abs)        000000
__size_of_TMR1_InterruptRoutine               (abs)        000000
__size_of_TMR1_SetInterruptHandler            (abs)        000000
__size_of_TMR1_StartTimer                     (abs)        000000
__size_of_TMR1_StopTimer                      (abs)        000000
__size_of_TMR1_WriteTimer                     (abs)        000000
__size_of_UART1_Initialize                    (abs)        000000
__size_of_UART1_SetErrorHandler               (abs)        000000
__size_of_UART1_SetFramingErrorHandler        (abs)        000000
__size_of_UART1_SetOverrunErrorHandler        (abs)        000000
__size_of_UART1_Write                         (abs)        000000
__size_of___fldiv                             (abs)        000000
__size_of___flmul                             (abs)        000000
__size_of___fltol                             (abs)        000000
__size_of___wmul                              (abs)        000000
__size_of___xxtofl                            (abs)        000000
__size_of_fputc                               (abs)        000000
__size_of_main                                (abs)        000000
__size_of_printf                              (abs)        000000
__size_of_putch                               (abs)        000000
__size_of_vfpfcnvrt                           (abs)        000000
__size_of_vfprintf                            (abs)        000000
__size_ofi2_TMR1_WriteTimer                   (abs)        000000
__smallconst                                  smallconst   001500
_adc_thresh_flag                              bssCOMRAM    000545
_cmp_flag                                     bssCOMRAM    000549
_dac_temp                                     bssCOMRAM    000537
_flags                                        bssCOMRAM    000541
_fputc                                        text34       002160
_main                                         text0        002288
_nout                                         bssCOMRAM    00053B
_pot_result                                   bssCOMRAM    000543
_prec                                         bssCOMRAM    00053F
_printf                                       text31       0026B6
_putch                                        text35       002818
_timer1ReloadVal                              nvCOMRAM     00054C
_tmr0_flag                                    bssCOMRAM    000548
_tmr1_flag                                    bssCOMRAM    000546
_uart1RxLastError                             bssCOMRAM    000547
_vfpfcnvrt                                    text33       001EB2
_vfprintf                                     text32       0023CC
_width                                        bssCOMRAM    00053D
end_of_initialization                         cinit        002608
fputc@c                                       cstackCOMRAM 000505
fputc@fp                                      cstackCOMRAM 000507
i2TMR1_WriteTimer@timerVal                    cstackCOMRAM 000501
i2_TMR1_WriteTimer                            text40       002586
intlevel0                                     text         000000
intlevel1                                     text         000000
intlevel2                                     text         000000
intlevel3                                     text         000000
ivt0x8_base                                   ivt0x8       000008
printf@ap                                     cstackCOMRAM 000520
printf@fmt                                    cstackCOMRAM 00051C
putch@txData                                  cstackCOMRAM 000504
stackhi                                       (abs)        0014FF
stacklo                                       (abs)        000580
start                                         init         00001A
start_initialization                          cinit        0025E2
vfpfcnvrt@ap                                  cstackCOMRAM 000512
vfpfcnvrt@fmt                                 cstackCOMRAM 000510
vfpfcnvrt@fp                                  cstackCOMRAM 00050E
vfprintf@ap                                   cstackCOMRAM 000518
vfprintf@cfmt                                 cstackCOMRAM 00051A
vfprintf@fmt                                  cstackCOMRAM 000516
vfprintf@fp                                   cstackCOMRAM 000514


FUNCTION INFORMATION:

 *************** function _main *****************
 Defined at:
		line 51 in file "main.c"
 Parameters:    Size  Location     Type
		None
 Auto vars:     Size  Location     Type
		None
 Return value:  Size  Location     Type
                  1    wreg      void 
 Registers used:
		wreg, fsr1l, fsr1h, fsr2l, fsr2h, status,2, status,0, tblptrl, tblptrh, tblptru, prodl, prodh, cstack
 Tracked objects:
		On entry : 
		On exit  : 
		Unchanged: 
 Data sizes:     COMRAM   BANK5   BANK6   BANK7   BANK8   BANK9  BANK10  BANK11  BANK12  BANK13  BANK14  BANK15  BANK16  BANK17  BANK18  BANK19  BANK20
      Params:         0       0       0       0       0       0       0       0       0       0       0       0       0       0       0       0       0
      Locals:         0       0       0       0       0       0       0       0       0       0       0       0       0       0       0       0       0
      Temps:          0       0       0       0       0       0       0       0       0       0       0       0       0       0       0       0       0
      Totals:         0       0       0       0       0       0       0       0       0       0       0       0       0       0       0       0       0
Total ram usage:        0 bytes
 Hardware stack levels required when called:   12
 This function calls:
		_ADCC_SetADTIInterruptHandler
		_DAC2_DriftCompensation
		_LED_TimoutControl
		_PIR_Startup
		_Read_Potentiometer
		_SYSTEM_Initialize
		_TMR1_SetInterruptHandler
 This function is called by:
		Startup code after reset
 This function uses a non-reentrant model


 *************** function _SYSTEM_Initialize *****************
 Defined at:
		line 50 in file "mcc_generated_files/mcc.c"
 Parameters:    Size  Location     Type
		None
 Auto vars:     Size  Location     Type
		None
 Return value:  Size  Location     Type
                  1    wreg      void 
 Registers used:
		wreg, status,2, status,0, cstack
 Tracked objects:
		On entry : 
		On exit  : 
		Unchanged: 
 Data sizes:     COMRAM   BANK5   BANK6   BANK7   BANK8   BANK9  BANK10  BANK11  BANK12  BANK13  BANK14  BANK15  BANK16  BANK17  BANK18  BANK19  BANK20
      Params:         0       0       0       0       0       0       0       0       0       0       0       0       0       0       0       0       0
      Locals:         0       0       0       0       0       0       0       0       0       0       0       0       0       0       0       0       0
      Temps:          0       0       0       0       0       0       0       0       0       0       0       0       0       0       0       0       0
      Totals:         0       0       0       0       0       0       0       0       0       0       0       0       0       0       0       0       0
Total ram usage:        0 bytes
 Hardware stack levels used:    1
 Hardware stack levels required when called:    7
 This function calls:
		_ADCC_Initialize
		_CMP1_Initialize
		_DAC1_Initialize
		_DAC2_Initialize
		_INTERRUPT_Initialize
		_OPA1_Initialize
		_OSCILLATOR_Initialize
		_PIN_MANAGER_Initialize
		_PMD_Initialize
		_TMR0_Initialize
		_TMR1_Initialize
		_UART1_Initialize
 This function is called by:
		_main
 This function uses a non-reentrant model


 *************** function _UART1_Initialize *****************
 Defined at:
		line 66 in file "mcc_generated_files/uart1.c"
 Parameters:    Size  Location     Type
		None
 Auto vars:     Size  Location     Type
		None
 Return value:  Size  Location     Type
                  1    wreg      void 
 Registers used:
		wreg, status,2, status,0, cstack
 Tracked objects:
		On entry : 
		On exit  : 
		Unchanged: 
 Data sizes:     COMRAM   BANK5   BANK6   BANK7   BANK8   BANK9  BANK10  BANK11  BANK12  BANK13  BANK14  BANK15  BANK16  BANK17  BANK18  BANK19  BANK20
      Params:         0       0       0       0       0       0       0       0       0       0       0       0       0       0       0       0       0
      Locals:         0       0       0       0       0       0       0       0       0       0       0       0       0       0       0       0       0
      Temps:          0       0       0       0       0       0       0       0       0       0       0       0       0       0       0       0       0
      Totals:         0       0       0       0       0       0       0       0       0       0       0       0       0       0       0       0       0
Total ram usage:        0 bytes
 Hardware stack levels used:    1
 Hardware stack levels required when called:    6
 This function calls:
		_UART1_SetErrorHandler
		_UART1_SetFramingErrorHandler
		_UART1_SetOverrunErrorHandler
 This function is called by:
		_SYSTEM_Initialize
 This function uses a non-reentrant model


 *************** function _UART1_SetOverrunErrorHandler *****************
 Defined at:
		line 204 in file "mcc_generated_files/uart1.c"
 Parameters:    Size  Location     Type
  interruptHan    2    2[COMRAM] PTR FTN()void 
		 -> UART1_DefaultOverrunErrorHandler(1), 
 Auto vars:     Size  Location     Type
		None
 Return value:  Size  Location     Type
                  1    wreg      void 
 Registers used:
		wreg, status,2, status,0
 Tracked objects:
		On entry : 
		On exit  : 
		Unchanged: 
 Data sizes:     COMRAM   BANK5   BANK6   BANK7   BANK8   BANK9  BANK10  BANK11  BANK12  BANK13  BANK14  BANK15  BANK16  BANK17  BANK18  BANK19  BANK20
      Params:         2       0       0       0       0       0       0       0       0       0       0       0       0       0       0       0       0
      Locals:         0       0       0       0       0       0       0       0       0       0       0       0       0       0       0       0       0
      Temps:          0       0       0       0       0       0       0       0       0       0       0       0       0       0       0       0       0
      Totals:         2       0       0       0       0       0       0       0       0       0       0       0       0       0       0       0       0
Total ram usage:        2 bytes
 Hardware stack levels used:    1
 Hardware stack levels required when called:    5
 This function calls:
		Nothing
 This function is called by:
		_UART1_Initialize
 This function uses a non-reentrant model


 *************** function _UART1_SetFramingErrorHandler *****************
 Defined at:
		line 200 in file "mcc_generated_files/uart1.c"
 Parameters:    Size  Location     Type
  interruptHan    2    2[COMRAM] PTR FTN()void 
		 -> UART1_DefaultFramingErrorHandler(1), 
 Auto vars:     Size  Location     Type
		None
 Return value:  Size  Location     Type
                  1    wreg      void 
 Registers used:
		wreg, status,2, status,0
 Tracked objects:
		On entry : 
		On exit  : 
		Unchanged: 
 Data sizes:     COMRAM   BANK5   BANK6   BANK7   BANK8   BANK9  BANK10  BANK11  BANK12  BANK13  BANK14  BANK15  BANK16  BANK17  BANK18  BANK19  BANK20
      Params:         2       0       0       0       0       0       0       0       0       0       0       0       0       0       0       0       0
      Locals:         0       0       0       0       0       0       0       0       0       0       0       0       0       0       0       0       0
      Temps:          0       0       0       0       0       0       0       0       0       0       0       0       0       0       0       0       0
      Totals:         2       0       0       0       0       0       0       0       0       0       0       0       0       0       0       0       0
Total ram usage:        2 bytes
 Hardware stack levels used:    1
 Hardware stack levels required when called:    5
 This function calls:
		Nothing
 This function is called by:
		_UART1_Initialize
 This function uses a non-reentrant model


 *************** function _UART1_SetErrorHandler *****************
 Defined at:
		line 208 in file "mcc_generated_files/uart1.c"
 Parameters:    Size  Location     Type
  interruptHan    2    2[COMRAM] PTR FTN()void 
		 -> UART1_DefaultErrorHandler(1), 
 Auto vars:     Size  Location     Type
		None
 Return value:  Size  Location     Type
                  1    wreg      void 
 Registers used:
		wreg, status,2, status,0
 Tracked objects:
		On entry : 
		On exit  : 
		Unchanged: 
 Data sizes:     COMRAM   BANK5   BANK6   BANK7   BANK8   BANK9  BANK10  BANK11  BANK12  BANK13  BANK14  BANK15  BANK16  BANK17  BANK18  BANK19  BANK20
      Params:         2       0       0       0       0       0       0       0       0       0       0       0       0       0       0       0       0
      Locals:         0       0       0       0       0       0       0       0       0       0       0       0       0       0       0       0       0
      Temps:          0       0       0       0       0       0       0       0       0       0       0       0       0       0       0       0       0
      Totals:         2       0       0       0       0       0       0       0       0       0       0       0       0       0       0       0       0
Total ram usage:        2 bytes
 Hardware stack levels used:    1
 Hardware stack levels required when called:    5
 This function calls:
		Nothing
 This function is called by:
		_UART1_Initialize
 This function uses a non-reentrant model


 *************** function _TMR1_Initialize *****************
 Defined at:
		line 64 in file "mcc_generated_files/tmr1.c"
 Parameters:    Size  Location     Type
		None
 Auto vars:     Size  Location     Type
		None
 Return value:  Size  Location     Type
                  1    wreg      void 
 Registers used:
		wreg, status,2, status,0, cstack
 Tracked objects:
		On entry : 
		On exit  : 
		Unchanged: 
 Data sizes:     COMRAM   BANK5   BANK6   BANK7   BANK8   BANK9  BANK10  BANK11  BANK12  BANK13  BANK14  BANK15  BANK16  BANK17  BANK18  BANK19  BANK20
      Params:         0       0       0       0       0       0       0       0       0       0       0       0       0       0       0       0       0
      Locals:         0       0       0       0       0       0       0       0       0       0       0       0       0       0       0       0       0
      Temps:          2       0       0       0       0       0       0       0       0       0       0       0       0       0       0       0       0
      Totals:         2       0       0       0       0       0       0       0       0       0       0       0       0       0       0       0       0
Total ram usage:        2 bytes
 Hardware stack levels used:    1
 Hardware stack levels required when called:    6
 This function calls:
		_TMR1_SetInterruptHandler
 This function is called by:
		_SYSTEM_Initialize
 This function uses a non-reentrant model


 *************** function _TMR1_SetInterruptHandler *****************
 Defined at:
		line 171 in file "mcc_generated_files/tmr1.c"
 Parameters:    Size  Location     Type
  InterruptHan    2    2[COMRAM] PTR FTN()void 
		 -> TMR1_InterruptRoutine(1), TMR1_DefaultInterruptHandler(1), 
 Auto vars:     Size  Location     Type
		None
 Return value:  Size  Location     Type
                  1    wreg      void 
 Registers used:
		wreg, status,2, status,0
 Tracked objects:
		On entry : 
		On exit  : 
		Unchanged: 
 Data sizes:     COMRAM   BANK5   BANK6   BANK7   BANK8   BANK9  BANK10  BANK11  BANK12  BANK13  BANK14  BANK15  BANK16  BANK17  BANK18  BANK19  BANK20
      Params:         2       0       0       0       0       0       0       0       0       0       0       0       0       0       0       0       0
      Locals:         0       0       0       0       0       0       0       0       0       0       0       0       0       0       0       0       0
      Temps:          0       0       0       0       0       0       0       0       0       0       0       0       0       0       0       0       0
      Totals:         2       0       0       0       0       0       0       0       0       0       0       0       0       0       0       0       0
Total ram usage:        2 bytes
 Hardware stack levels used:    1
 Hardware stack levels required when called:    5
 This function calls:
		Nothing
 This function is called by:
		_TMR1_Initialize
		_main
 This function uses a non-reentrant model


 *************** function _TMR0_Initialize *****************
 Defined at:
		line 61 in file "mcc_generated_files/tmr0.c"
 Parameters:    Size  Location     Type
		None
 Auto vars:     Size  Location     Type
		None
 Return value:  Size  Location     Type
                  1    wreg      void 
 Registers used:
		wreg, status,2, status,0, cstack
 Tracked objects:
		On entry : 
		On exit  : 
		Unchanged: 
 Data sizes:     COMRAM   BANK5   BANK6   BANK7   BANK8   BANK9  BANK10  BANK11  BANK12  BANK13  BANK14  BANK15  BANK16  BANK17  BANK18  BANK19  BANK20
      Params:         0       0       0       0       0       0       0       0       0       0       0       0       0       0       0       0       0
      Locals:         0       0       0       0       0       0       0       0       0       0       0       0       0       0       0       0       0
      Temps:          0       0       0       0       0       0       0       0       0       0       0       0       0       0       0       0       0
      Totals:         0       0       0       0       0       0       0       0       0       0       0       0       0       0       0       0       0
Total ram usage:        0 bytes
 Hardware stack levels used:    1
 Hardware stack levels required when called:    6
 This function calls:
		_TMR0_SetInterruptHandler
 This function is called by:
		_SYSTEM_Initialize
 This function uses a non-reentrant model


 *************** function _TMR0_SetInterruptHandler *****************
 Defined at:
		line 142 in file "mcc_generated_files/tmr0.c"
 Parameters:    Size  Location     Type
  InterruptHan    2    2[COMRAM] PTR FTN()void 
		 -> TMR0_DefaultInterruptHandler(1), 
 Auto vars:     Size  Location     Type
		None
 Return value:  Size  Location     Type
                  1    wreg      void 
 Registers used:
		wreg, status,2, status,0
 Tracked objects:
		On entry : 
		On exit  : 
		Unchanged: 
 Data sizes:     COMRAM   BANK5   BANK6   BANK7   BANK8   BANK9  BANK10  BANK11  BANK12  BANK13  BANK14  BANK15  BANK16  BANK17  BANK18  BANK19  BANK20
      Params:         2       0       0       0       0       0       0       0       0       0       0       0       0       0       0       0       0
      Locals:         0       0       0       0       0       0       0       0       0       0       0       0       0       0       0       0       0
      Temps:          0       0       0       0       0       0       0       0       0       0       0       0       0       0       0       0       0
      Totals:         2       0       0       0       0       0       0       0       0       0       0       0       0       0       0       0       0
Total ram usage:        2 bytes
 Hardware stack levels used:    1
 Hardware stack levels required when called:    5
 This function calls:
		Nothing
 This function is called by:
		_TMR0_Initialize
 This function uses a non-reentrant model


 *************** function _PMD_Initialize *****************
 Defined at:
		line 82 in file "mcc_generated_files/mcc.c"
 Parameters:    Size  Location     Type
		None
 Auto vars:     Size  Location     Type
		None
 Return value:  Size  Location     Type
                  1    wreg      void 
 Registers used:
		wreg, status,2
 Tracked objects:
		On entry : 
		On exit  : 
		Unchanged: 
 Data sizes:     COMRAM   BANK5   BANK6   BANK7   BANK8   BANK9  BANK10  BANK11  BANK12  BANK13  BANK14  BANK15  BANK16  BANK17  BANK18  BANK19  BANK20
      Params:         0       0       0       0       0       0       0       0       0       0       0       0       0       0       0       0       0
      Locals:         0       0       0       0       0       0       0       0       0       0       0       0       0       0       0       0       0
      Temps:          0       0       0       0       0       0       0       0       0       0       0       0       0       0       0       0       0
      Totals:         0       0       0       0       0       0       0       0       0       0       0       0       0       0       0       0       0
Total ram usage:        0 bytes
 Hardware stack levels used:    1
 Hardware stack levels required when called:    5
 This function calls:
		Nothing
 This function is called by:
		_SYSTEM_Initialize
 This function uses a non-reentrant model


 *************** function _PIN_MANAGER_Initialize *****************
 Defined at:
		line 55 in file "mcc_generated_files/pin_manager.c"
 Parameters:    Size  Location     Type
		None
 Auto vars:     Size  Location     Type
		None
 Return value:  Size  Location     Type
                  1    wreg      void 
 Registers used:
		wreg, status,2
 Tracked objects:
		On entry : 
		On exit  : 
		Unchanged: 
 Data sizes:     COMRAM   BANK5   BANK6   BANK7   BANK8   BANK9  BANK10  BANK11  BANK12  BANK13  BANK14  BANK15  BANK16  BANK17  BANK18  BANK19  BANK20
[...]
      Params:         0       0       0       0       0       0       0       0       0       0       0       0       0       0       0       0       0
      Locals:         0       0       0       0       0       0       0       0       0       0       0       0       0       0       0       0       0
      Temps:          0       0       0       0       0       0       0       0       0       0       0       0       0       0       0       0       0
      Totals:         0       0       0       0       0       0       0       0       0       0       0       0       0       0       0       0       0
Total ram usage:        0 bytes
 Hardware stack levels used:    1
 Hardware stack levels required when called:    2
 This function calls:
		Absolute function
		_TMR1_DefaultInterruptHandler
		_TMR1_InterruptRoutine
 This function is called by:
		_TMR1_ISR
 This function uses a non-reentrant model


 *************** function _TMR1_DefaultInterruptHandler *****************
 Defined at:
		line 175 in file "mcc_generated_files/tmr1.c"
 Parameters:    Size  Location     Type
		None
 Auto vars:     Size  Location     Type
		None
 Return value:  Size  Location     Type
                  1    wreg      void 
 Registers used:
		None
 Tracked objects:
		On entry : 
		On exit  : 
		Unchanged: 
 Data sizes:     COMRAM   BANK5   BANK6   BANK7   BANK8   BANK9  BANK10  BANK11  BANK12  BANK13  BANK14  BANK15  BANK16  BANK17  BANK18  BANK19  BANK20
      Params:         0       0       0       0       0       0       0       0       0       0       0       0       0       0       0       0       0
      Locals:         0       0       0       0       0       0       0       0       0       0       0       0       0       0       0       0       0
      Temps:          0       0       0       0       0       0       0       0       0       0       0       0       0       0       0       0       0
      Totals:         0       0       0       0       0       0       0       0       0       0       0       0       0       0       0       0       0
Total ram usage:        0 bytes
 Hardware stack levels used:    1
 This function calls:
		Nothing
 This function is called by:
		_TMR1_Initialize
		_TMR1_CallBack
 This function uses a non-reentrant model


 *************** function _TMR1_InterruptRoutine *****************
 Defined at:
		line 40 in file "application.c"
 Parameters:    Size  Location     Type
		None
 Auto vars:     Size  Location     Type
		None
 Return value:  Size  Location     Type
                  1    wreg      void 
 Registers used:
		cstack
 Tracked objects:
		On entry : 
		On exit  : 
		Unchanged: 
 Data sizes:     COMRAM   BANK5   BANK6   BANK7   BANK8   BANK9  BANK10  BANK11  BANK12  BANK13  BANK14  BANK15  BANK16  BANK17  BANK18  BANK19  BANK20
      Params:         0       0       0       0       0       0       0       0       0       0       0       0       0       0       0       0       0
      Locals:         0       0       0       0       0       0       0       0       0       0       0       0       0       0       0       0       0
      Temps:          0       0       0       0       0       0       0       0       0       0       0       0       0       0       0       0       0
      Totals:         0       0       0       0       0       0       0       0       0       0       0       0       0       0       0       0       0
Total ram usage:        0 bytes
 Hardware stack levels used:    1
 Hardware stack levels required when called:    1
 This function calls:
		_TMR1_StopTimer
 This function is called by:
		_main
		_TMR1_CallBack
 This function uses a non-reentrant model


 *************** function _TMR1_StopTimer *****************
 Defined at:
		line 103 in file "mcc_generated_files/tmr1.c"
 Parameters:    Size  Location     Type
		None
 Auto vars:     Size  Location     Type
		None
 Return value:  Size  Location     Type
                  1    wreg      void 
 Registers used:
		None
 Tracked objects:
		On entry : 
		On exit  : 
		Unchanged: 
 Data sizes:     COMRAM   BANK5   BANK6   BANK7   BANK8   BANK9  BANK10  BANK11  BANK12  BANK13  BANK14  BANK15  BANK16  BANK17  BANK18  BANK19  BANK20
      Params:         0       0       0       0       0       0       0       0       0       0       0       0       0       0       0       0       0
      Locals:         0       0       0       0       0       0       0       0       0       0       0       0       0       0       0       0       0
      Temps:          0       0       0       0       0       0       0       0       0       0       0       0       0       0       0       0       0
      Totals:         0       0       0       0       0       0       0       0       0       0       0       0       0       0       0       0       0
Total ram usage:        0 bytes
 Hardware stack levels used:    1
 This function calls:
		Nothing
 This function is called by:
		_TMR1_InterruptRoutine
 This function uses a non-reentrant model


 *************** function _TMR0_ISR *****************
 Defined at:
		line 121 in file "mcc_generated_files/tmr0.c"
 Parameters:    Size  Location     Type
		None
 Auto vars:     Size  Location     Type
		None
 Return value:  Size  Location     Type
                  1    wreg      void 
 Registers used:
		wreg, status,2, status,0, pclath, tosl, cstack
 Tracked objects:
		On entry : 
		On exit  : 
		Unchanged: 
 Data sizes:     COMRAM   BANK5   BANK6   BANK7   BANK8   BANK9  BANK10  BANK11  BANK12  BANK13  BANK14  BANK15  BANK16  BANK17  BANK18  BANK19  BANK20
      Params:         0       0       0       0       0       0       0       0       0       0       0       0       0       0       0       0       0
      Locals:         0       0       0       0       0       0       0       0       0       0       0       0       0       0       0       0       0
      Temps:          0       0       0       0       0       0       0       0       0       0       0       0       0       0       0       0       0
      Totals:         0       0       0       0       0       0       0       0       0       0       0       0       0       0       0       0       0
Total ram usage:        0 bytes
 Hardware stack levels used:    1
 Hardware stack levels required when called:    2
 This function calls:
		_TMR0_CallBack
 This function is called by:
		_INTERRUPT_InterruptManager
 This function uses a non-reentrant model


 *************** function _TMR0_CallBack *****************
 Defined at:
		line 132 in file "mcc_generated_files/tmr0.c"
 Parameters:    Size  Location     Type
		None
 Auto vars:     Size  Location     Type
		None
 Return value:  Size  Location     Type
                  1    wreg      void 
 Registers used:
		wreg, status,2, status,0, pclath, tosl, cstack
 Tracked objects:
		On entry : 
		On exit  : 
		Unchanged: 
 Data sizes:     COMRAM   BANK5   BANK6   BANK7   BANK8   BANK9  BANK10  BANK11  BANK12  BANK13  BANK14  BANK15  BANK16  BANK17  BANK18  BANK19  BANK20
      Params:         0       0       0       0       0       0       0       0       0       0       0       0       0       0       0       0       0
      Locals:         0       0       0       0       0       0       0       0       0       0       0       0       0       0       0       0       0
      Temps:          0       0       0       0       0       0       0       0       0       0       0       0       0       0       0       0       0
      Totals:         0       0       0       0       0       0       0       0       0       0       0       0       0       0       0       0       0
Total ram usage:        0 bytes
 Hardware stack levels used:    1
 Hardware stack levels required when called:    1
 This function calls:
		Absolute function
		_TMR0_DefaultInterruptHandler
 This function is called by:
		_TMR0_ISR
 This function uses a non-reentrant model


 *************** function _TMR0_DefaultInterruptHandler *****************
 Defined at:
		line 146 in file "mcc_generated_files/tmr0.c"
 Parameters:    Size  Location     Type
		None
 Auto vars:     Size  Location     Type
		None
 Return value:  Size  Location     Type
                  1    wreg      void 
 Registers used:
		wreg, status,2
 Tracked objects:
		On entry : 
		On exit  : 
		Unchanged: 
 Data sizes:     COMRAM   BANK5   BANK6   BANK7   BANK8   BANK9  BANK10  BANK11  BANK12  BANK13  BANK14  BANK15  BANK16  BANK17  BANK18  BANK19  BANK20
      Params:         0       0       0       0       0       0       0       0       0       0       0       0       0       0       0       0       0
      Locals:         0       0       0       0       0       0       0       0       0       0       0       0       0       0       0       0       0
      Temps:          0       0       0       0       0       0       0       0       0       0       0       0       0       0       0       0       0
      Totals:         0       0       0       0       0       0       0       0       0       0       0       0       0       0       0       0       0
Total ram usage:        0 bytes
 Hardware stack levels used:    1
 This function calls:
		Nothing
 This function is called by:
		_TMR0_Initialize
		_TMR0_CallBack
 This function uses a non-reentrant model


 *************** function _CMP1_ISR *****************
 Defined at:
		line 91 in file "mcc_generated_files/cmp1.c"
 Parameters:    Size  Location     Type
		None
 Auto vars:     Size  Location     Type
		None
 Return value:  Size  Location     Type
                  1    wreg      void 
 Registers used:
		wreg, status,2
 Tracked objects:
		On entry : 
		On exit  : 
		Unchanged: 
 Data sizes:     COMRAM   BANK5   BANK6   BANK7   BANK8   BANK9  BANK10  BANK11  BANK12  BANK13  BANK14  BANK15  BANK16  BANK17  BANK18  BANK19  BANK20
      Params:         0       0       0       0       0       0       0       0       0       0       0       0       0       0       0       0       0
      Locals:         0       0       0       0       0       0       0       0       0       0       0       0       0       0       0       0       0
      Temps:          0       0       0       0       0       0       0       0       0       0       0       0       0       0       0       0       0
      Totals:         0       0       0       0       0       0       0       0       0       0       0       0       0       0       0       0       0
Total ram usage:        0 bytes
 Hardware stack levels used:    1
 This function calls:
		Nothing
 This function is called by:
		_INTERRUPT_InterruptManager
 This function uses a non-reentrant model


 *************** function _ADCC_ThresholdISR *****************
 Defined at:
		line 307 in file "mcc_generated_files/adcc.c"
 Parameters:    Size  Location     Type
		None
 Auto vars:     Size  Location     Type
		None
 Return value:  Size  Location     Type
                  1    wreg      void 
 Registers used:
		wreg, status,2, status,0, pclath, tosl, cstack
 Tracked objects:
		On entry : 
		On exit  : 
		Unchanged: 
 Data sizes:     COMRAM   BANK5   BANK6   BANK7   BANK8   BANK9  BANK10  BANK11  BANK12  BANK13  BANK14  BANK15  BANK16  BANK17  BANK18  BANK19  BANK20
      Params:         0       0       0       0       0       0       0       0       0       0       0       0       0       0       0       0       0
      Locals:         0       0       0       0       0       0       0       0       0       0       0       0       0       0       0       0       0
      Temps:          0       0       0       0       0       0       0       0       0       0       0       0       0       0       0       0       0
      Totals:         0       0       0       0       0       0       0       0       0       0       0       0       0       0       0       0       0
Total ram usage:        0 bytes
 Hardware stack levels used:    1
 Hardware stack levels required when called:    1
 This function calls:
		Absolute function
		_ADCC_DefaultInterruptHandler
		_ADCC_Threshold_InterruptRoutine
 This function is called by:
		_INTERRUPT_InterruptManager
 This function uses a non-reentrant model


 *************** function _ADCC_DefaultInterruptHandler *****************
 Defined at:
		line 319 in file "mcc_generated_files/adcc.c"
 Parameters:    Size  Location     Type
		None
 Auto vars:     Size  Location     Type
		None
 Return value:  Size  Location     Type
                  1    wreg      void 
 Registers used:
		None
 Tracked objects:
		On entry : 
		On exit  : 
		Unchanged: 
 Data sizes:     COMRAM   BANK5   BANK6   BANK7   BANK8   BANK9  BANK10  BANK11  BANK12  BANK13  BANK14  BANK15  BANK16  BANK17  BANK18  BANK19  BANK20
      Params:         0       0       0       0       0       0       0       0       0       0       0       0       0       0       0       0       0
      Locals:         0       0       0       0       0       0       0       0       0       0       0       0       0       0       0       0       0
      Temps:          0       0       0       0       0       0       0       0       0       0       0       0       0       0       0       0       0
      Totals:         0       0       0       0       0       0       0       0       0       0       0       0       0       0       0       0       0
Total ram usage:        0 bytes
 Hardware stack levels used:    1
 This function calls:
		Nothing
 This function is called by:
		_ADCC_Initialize
		_ADCC_ThresholdISR
 This function uses a non-reentrant model


 *************** function _ADCC_Threshold_InterruptRoutine *****************
 Defined at:
		line 45 in file "application.c"
 Parameters:    Size  Location     Type
		None
 Auto vars:     Size  Location     Type
		None
 Return value:  Size  Location     Type
                  1    wreg      void 
 Registers used:
		wreg, status,2
 Tracked objects:
		On entry : 
		On exit  : 
		Unchanged: 
 Data sizes:     COMRAM   BANK5   BANK6   BANK7   BANK8   BANK9  BANK10  BANK11  BANK12  BANK13  BANK14  BANK15  BANK16  BANK17  BANK18  BANK19  BANK20
      Params:         0       0       0       0       0       0       0       0       0       0       0       0       0       0       0       0       0
      Locals:         0       0       0       0       0       0       0       0       0       0       0       0       0       0       0       0       0
      Temps:          0       0       0       0       0       0       0       0       0       0       0       0       0       0       0       0       0
      Totals:         0       0       0       0       0       0       0       0       0       0       0       0       0       0       0       0       0
Total ram usage:        0 bytes
 Hardware stack levels used:    1
 This function calls:
		Nothing
 This function is called by:
		_main
		_ADCC_ThresholdISR
 This function uses a non-reentrant model



MODULE INFORMATION

Module		Function		Class		Link	Load	Size
C:\Program Files\Microchip\xc8\v2.20\pic\sources\c99\common\nf_fputc.c
		_fputc         		CODE           	2160	0000	151

C:\Program Files\Microchip\xc8\v2.20\pic\sources\c99\common\nf_fputc.c estimated size: 151

mcc_generated_files/cmp1.c
		_CMP1_ISR      		CODE           	2832	0000	9
		_CMP1_Initialize		CODE           	2754	0000	27

mcc_generated_files/cmp1.c estimated size: 36

C:\Program Files\Microchip\xc8\v2.20\pic\sources\c99\common\doprnt.c
		_vfpfcnvrt     		CODE           	1EB2	0000	269
		_vfprintf      		CODE           	23CC	0000	101

C:\Program Files\Microchip\xc8\v2.20\pic\sources\c99\common\doprnt.c estimated size: 370

mcc_generated_files/interrupt_manager.c
		_INTERRUPT_Initialize		CODE           	2852	0000	5
		_INTERRUPT_InterruptManager		CODE           	21F6	0000	147

mcc_generated_files/interrupt_manager.c estimated size: 152

mcc_generated_files/tmr0.c
		_TMR0_SetInterruptHandler		CODE           	2804	0000	11
		_TMR0_DefaultInterruptHandler		CODE           	2846	0000	7
		_TMR0_CallBack 		CODE           	263A	0000	45
		_TMR0_ISR      		CODE           	282A	0000	9
		_TMR0_Initialize		CODE           	2690	0000	39

mcc_generated_files/tmr0.c estimated size: 111

C:\Program Files\Microchip\xc8\v2.20\pic\sources\c99\common\Umul16.c
		___wmul        		CODE           	2666	0000	43

C:\Program Files\Microchip\xc8\v2.20\pic\sources\c99\common\Umul16.c estimated size: 43

mcc_generated_files/dac2.c
		_DAC2_Initialize		CODE           	27C4	0000	13

mcc_generated_files/dac2.c estimated size: 13

mcc_generated_files/pin_manager.c
		_PIN_MANAGER_Initialize		CODE           	2430	0000	95

mcc_generated_files/pin_manager.c estimated size: 95

mcc_generated_files/uart1.c
		_UART1_Write   		CODE           	276E	0000	25
		_putch         		CODE           	2818	0000	11
		_UART1_SetFramingErrorHandler		CODE           	27E6	0000	11
		_UART1_SetOverrunErrorHandler		CODE           	27DC	0000	11
		_UART1_Initialize		CODE           	2364	0000	105
		_UART1_SetErrorHandler		CODE           	27F0	0000	11

mcc_generated_files/uart1.c estimated size: 174

mcc_generated_files/opa1.c
		_OPA1_Initialize		CODE           	2738	0000	29

mcc_generated_files/opa1.c estimated size: 29

shared
		__initialization		CODE           	25E2	0000	39
		i2_TMR1_WriteTimer		CODE           	2586	0000	47

shared estimated size: 86

mcc_generated_files/mcc.c
		_PMD_Initialize		CODE           	2700	0000	29
		_OSCILLATOR_Initialize		CODE           	271C	0000	29
		_SYSTEM_Initialize		CODE           	2526	0000	51

mcc_generated_files/mcc.c estimated size: 109

C:\Program Files\Microchip\xc8\v2.20\pic\sources\c99\common\printf.c
		_printf        		CODE           	26B6	0000	39

C:\Program Files\Microchip\xc8\v2.20\pic\sources\c99\common\printf.c estimated size: 39

mcc_generated_files/tmr1.c
		_TMR1_Initialize		CODE           	24E0	0000	71
		_TMR1_SetInterruptHandler		CODE           	27FA	0000	11
		_TMR1_StopTimer		CODE           	2840	0000	7
		_TMR1_DefaultInterruptHandler		CODE           	2856	0000	3
		_TMR1_CallBack 		CODE           	260E	0000	45
		_TMR1_WriteTimer		CODE           	2558	0000	47
		_TMR1_StartTimer		CODE           	283A	0000	7
		_TMR1_ISR      		CODE           	27B0	0000	21

mcc_generated_files/tmr1.c estimated size: 212

C:\Program Files\Microchip\xc8\v2.20\pic\sources\c99\common\sprcmul.c
		___flmul       		CODE           	1516	0000	1103

C:\Program Files\Microchip\xc8\v2.20\pic\sources\c99\common\sprcmul.c estimated size: 1103

C:\Program Files\Microchip\xc8\v2.20\pic\sources\c99\common\sprcdiv.c
		___fldiv       		CODE           	1964	0000	923

C:\Program Files\Microchip\xc8\v2.20\pic\sources\c99\common\sprcdiv.c estimated size: 923

mcc_generated_files/dac1.c
		_DAC1_Initialize		CODE           	27D0	0000	13

mcc_generated_files/dac1.c estimated size: 13

mcc_generated_files/adcc.c
		_ADCC_DefaultInterruptHandler		CODE           	2858	0000	3
		_ADCC_SetADTIInterruptHandler		CODE           	280E	0000	11
		_ADCC_GetConversionResult		CODE           	2786	0000	23
		_ADCC_ThresholdISR		CODE           	25B4	0000	47
		_ADCC_Initialize		CODE           	22FA	0000	107

mcc_generated_files/adcc.c estimated size: 191

application.c
		_PIR_Startup   		CODE           	26DC	0000	37
		_LED_TimoutControl		CODE           	279C	0000	21
		_TMR1_InterruptRoutine		CODE           	2822	0000	9
		_Read_Potentiometer		CODE           	248E	0000	83
		_ADCC_Threshold_InterruptRoutine		CODE           	284C	0000	7
		_DAC2_DriftCompensation		CODE           	20C4	0000	157

application.c estimated size: 314

C:\Program Files\Microchip\xc8\v2.20\pic\sources\c99\common\fltol.c
		___fltol       		CODE           	1FBE	0000	263

C:\Program Files\Microchip\xc8\v2.20\pic\sources\c99\common\fltol.c estimated size: 263

main.c
		_main          		CODE           	2288	0000	115

main.c estimated size: 115

C:\Program Files\Microchip\xc8\v2.20\pic\sources\c99\common\xxtofl.c
		___xxtofl      		CODE           	1CFE	0000	437

C:\Program Files\Microchip\xc8\v2.20\pic\sources\c99\common\xxtofl.c estimated size: 437

